2026-06-22 22:35:11,140 [INFO] config.json был нормализован и пересохранён
2026-06-22 22:35:11,145 [INFO] Подключено НАСТОЯЩЕЕ ядро (core/dns_server)
2026-06-22 22:35:13,765 [INFO] switch_mode → combo
2026-06-22 22:35:13,765 [INFO] Переключение режима DPI → combo
2026-06-22 22:35:14,026 [INFO] switch_mode → dpi_only
2026-06-22 22:35:14,026 [INFO] Переключение режима DPI → zapret
2026-06-22 22:35:14,325 [INFO] switch_mode → combo
2026-06-22 22:35:14,326 [INFO] Переключение режима DPI → combo
2026-06-22 22:35:14,580 [INFO] switch_mode → dns_only
2026-06-22 22:35:14,580 [INFO] Переключение режима DPI → off
2026-06-22 22:35:17,429 [WARNING] Стратегия 'uz1' требует hostlist, но список целей пуст
2026-06-22 22:40:43,404 [INFO] DnsProcessTracker остановлен
2026-06-22 22:40:43,404 [INFO] DNS-серверы и DPI-движок остановлены
2026-06-22 22:40:45,169 [INFO] DnsProcessTracker остановлен
2026-06-22 22:40:45,170 [INFO] DNS-серверы и DPI-движок остановлены
2026-06-26 01:34:21,046 [INFO] Подключено НАСТОЯЩЕЕ ядро (core/dns_server)
2026-06-26 01:34:25,802 [WARNING] Стратегия 'uz1' требует hostlist, но список целей пуст
2026-06-26 01:34:30,650 [WARNING] Стратегия 'uz1' требует hostlist, но список целей пуст
2026-06-26 01:34:42,083 [INFO] DnsProcessTracker остановлен
2026-06-26 01:34:42,083 [INFO] DNS-серверы и DPI-движок остановлены
2026-07-22 22:48:04,968 [INFO] Подключено НАСТОЯЩЕЕ ядро (core/dns_server)
2026-07-22 22:48:10,240 [WARNING] Стратегия 'uz1' требует hostlist, но список целей пуст
2026-07-22 22:49:50,489 [WARNING] Стратегия 'uz1' требует hostlist, но список целей пуст
2026-07-22 22:49:57,214 [WARNING] Стратегия 'uz1' требует hostlist, но список целей пуст
2026-09-12 18:27:47,338 [INFO] Подключено НАСТОЯЩЕЕ ядро (core/dns_server)
2026-09-12 18:27:52,610 [WARNING] Стратегия 'uz1' требует hostlist, но список целей пуст
2026-09-12 18:28:01,427 [WARNING] Стратегия 'uz1' требует hostlist, но список целей пуст
2026-09-12 19:39:44,927 [INFO] Подключено НАСТОЯЩЕЕ ядро (core/dns_server)
2026-09-12 19:39:45,249 [WARNING] Стратегия 'uz1' требует hostlist, но список целей пуст
2026-09-12 19:39:52,258 [INFO] Подключено НАСТОЯЩЕЕ ядро (core/dns_server)
2026-09-12 19:39:52,538 [WARNING] Стратегия 'uz1' требует hostlist, но список целей пуст
2026-09-12 19:39:53,399 [INFO] DnsProcessTracker остановлен
2026-09-12 19:39:53,399 [INFO] DNS-серверы и DPI-движок остановлены
2026-09-14 18:03:24,272 [INFO] Подключено НАСТОЯЩЕЕ ядро (core/dns_server)
2026-09-15 20:42:20,396 [INFO] Подключено НАСТОЯЩЕЕ ядро (core/dns_server)
2026-09-15 20:42:20,546 [WARNING] Стратегия 'uz1' требует hostlist, но список целей пуст
2026-09-15 20:42:23,781 [INFO] Подключено НАСТОЯЩЕЕ ядро (core/dns_server)
2026-09-15 20:42:23,884 [WARNING] Стратегия 'uz1' требует hostlist, но список целей пуст
2026-09-15 20:42:32,049 [INFO] Подключено НАСТОЯЩЕЕ ядро (core/dns_server)
2026-09-15 20:42:32,169 [WARNING] Стратегия 'uz1' требует hostlist, но список целей пуст
2026-09-15 20:43:27,106 [INFO] Подключено НАСТОЯЩЕЕ ядро (core/dns_server)
2026-09-15 20:43:27,237 [WARNING] Стратегия 'uz1' требует hostlist, но список целей пуст
2026-09-15 20:43:39,522 [INFO] Подключено НАСТОЯЩЕЕ ядро (core/dns_server)
2026-09-15 20:43:39,677 [WARNING] Стратегия 'uz1' требует hostlist, но список целей пуст
2026-09-15 20:43:39,923 [WARNING] Стратегия 'uz1' требует hostlist, но список целей пуст
2026-09-15 20:43:40,175 [WARNING] Стратегия 'uz1' требует hostlist, но список целей пуст
2026-09-15 20:43:51,836 [INFO] Подключено НАСТОЯЩЕЕ ядро (core/dns_server)
2026-09-15 20:43:51,992 [WARNING] Стратегия 'uz1' требует hostlist, но список целей пуст
2026-09-15 20:43:52,248 [WARNING] Стратегия 'uz1' требует hostlist, но список целей пуст
2026-09-15 20:43:52,524 [WARNING] Стратегия 'uz1' требует hostlist, но список целей пуст
2026-09-15 20:43:57,054 [INFO] Подключено НАСТОЯЩЕЕ ядро (core/dns_server)
2026-09-15 20:43:57,206 [WARNING] Стратегия 'uz1' требует hostlist, но список целей пуст
2026-09-15 20:43:57,406 [WARNING] Стратегия 'uz1' требует hostlist, но список целей пуст
2026-09-15 20:43:57,485 [WARNING] Стратегия 'uz1' требует hostlist, но список целей пуст
2026-09-15 20:43:57,524 [WARNING] Стратегия 'uz1' требует hostlist, но список целей пуст
2026-09-15 20:44:18,820 [INFO] Подключено НАСТОЯЩЕЕ ядро (core/dns_server)
2026-09-15 20:44:18,982 [WARNING] Стратегия 'uz1' требует hostlist, но список целей пуст
2026-09-15 20:44:19,175 [WARNING] Стратегия 'uz1' требует hostlist, но список целей пуст
2026-09-15 20:44:19,245 [WARNING] Стратегия 'uz1' требует hostlist, но список целей пуст
2026-09-15 20:44:19,293 [WARNING] Стратегия 'uz1' требует hostlist, но список целей пуст
2026-09-15 20:44:23,462 [INFO] Подключено НАСТОЯЩЕЕ ядро (core/dns_server)
2026-09-15 20:44:23,587 [WARNING] Стратегия 'uz1' требует hostlist, но список целей пуст
2026-09-15 20:44:44,500 [INFO] Подключено НАСТОЯЩЕЕ ядро (core/dns_server)
2026-09-15 20:44:44,650 [WARNING] Стратегия 'uz1' требует hostlist, но список целей пуст
2026-09-15 20:44:55,159 [INFO] Подключено НАСТОЯЩЕЕ ядро (core/dns_server)
2026-09-15 20:44:55,303 [WARNING] Стратегия 'uz1' требует hostlist, но список целей пуст
2026-09-15 20:45:01,368 [INFO] Подключено НАСТОЯЩЕЕ ядро (core/dns_server)
2026-09-15 20:45:01,507 [WARNING] Стратегия 'uz1' требует hostlist, но список целей пуст
2026-09-15 20:45:10,817 [INFO] Подключено НАСТОЯЩЕЕ ядро (core/dns_server)
2026-09-15 20:45:10,950 [WARNING] Стратегия 'uz1' требует hostlist, но список целей пуст
2026-09-15 20:45:39,838 [INFO] Подключено НАСТОЯЩЕЕ ядро (core/dns_server)
2026-09-15 20:45:39,975 [WARNING] Стратегия 'uz1' требует hostlist, но список целей пуст
2026-09-15 20:45:44,855 [INFO] Подключено НАСТОЯЩЕЕ ядро (core/dns_server)
2026-09-15 20:45:44,985 [WARNING] Стратегия 'uz1' требует hostlist, но список целей пуст
2026-09-15 20:45:48,248 [INFO] Подключено НАСТОЯЩЕЕ ядро (core/dns_server)
2026-09-15 20:45:48,391 [WARNING] Стратегия 'uz1' требует hostlist, но список целей пуст
2026-09-15 20:45:48,673 [WARNING] Стратегия 'uz1' требует hostlist, но список целей пуст
2026-09-15 20:46:13,152 [INFO] Подключено НАСТОЯЩЕЕ ядро (core/dns_server)
2026-09-15 20:46:13,286 [WARNING] Стратегия 'uz1' требует hostlist, но список целей пуст
2026-09-15 20:46:13,522 [WARNING] Стратегия 'uz1' требует hostlist, но список целей пуст
2026-09-15 20:46:13,594 [WARNING] Стратегия 'uz1' требует hostlist, но список целей пуст
2026-09-15 20:46:13,650 [WARNING] Стратегия 'uz1' требует hostlist, но список целей пуст
2026-09-15 20:46:13,691 [WARNING] Стратегия 'uz1' требует hostlist, но список целей пуст
2026-09-15 20:46:13,732 [WARNING] Стратегия 'uz1' требует hostlist, но список целей пуст
2026-09-15 20:46:33,512 [INFO] Подключено НАСТОЯЩЕЕ ядро (core/dns_server)
2026-09-15 20:46:33,648 [WARNING] Стратегия 'uz1' требует hostlist, но список целей пуст
2026-09-15 20:49:32,231 [INFO] Подключено НАСТОЯЩЕЕ ядро (core/dns_server)
2026-09-15 20:49:32,368 [WARNING] Стратегия 'uz1' требует hostlist, но список целей пуст
2026-09-15 20:49:35,801 [INFO] Подключено НАСТОЯЩЕЕ ядро (core/dns_server)
2026-09-15 20:49:35,948 [WARNING] Стратегия 'uz1' требует hostlist, но список целей пуст
2026-09-15 20:49:36,146 [INFO] DnsProcessTracker остановлен
2026-09-15 20:49:36,146 [INFO] DNS-серверы и DPI-движок остановлены
2026-09-15 20:49:41,837 [INFO] Подключено НАСТОЯЩЕЕ ядро (core/dns_server)
2026-09-15 20:49:42,004 [WARNING] Стратегия 'uz1' требует hostlist, но список целей пуст
2026-09-15 20:49:42,187 [INFO] DnsProcessTracker остановлен
2026-09-15 20:49:42,187 [INFO] DNS-серверы и DPI-движок остановлены
2026-09-15 20:49:42,480 [INFO] Подключено НАСТОЯЩЕЕ ядро (core/dns_server)
2026-09-15 20:49:42,602 [WARNING] Стратегия 'uz1' требует hostlist, но список целей пуст
2026-09-15 20:49:46,946 [INFO] Подключено НАСТОЯЩЕЕ ядро (core/dns_server)
2026-09-15 20:49:47,074 [WARNING] Стратегия 'uz1' требует hostlist, но список целей пуст
2026-09-15 20:49:47,254 [INFO] DnsProcessTracker остановлен
2026-09-15 20:49:47,254 [INFO] DNS-серверы и DPI-движок остановлены
2026-09-15 20:49:47,549 [INFO] Подключено НАСТОЯЩЕЕ ядро (core/dns_server)
2026-09-15 20:49:47,678 [WARNING] Стратегия 'uz1' требует hostlist, но список целей пуст
2026-09-15 20:49:55,587 [INFO] Подключено НАСТОЯЩЕЕ ядро (core/dns_server)
2026-09-15 20:49:55,737 [WARNING] Стратегия 'uz1' требует hostlist, но список целей пуст
2026-09-15 21:30:14,845 [INFO] Подключено НАСТОЯЩЕЕ ядро (core/dns_server)
2026-09-15 21:30:14,987 [WARNING] Стратегия 'uz1' требует hostlist, но список целей пуст
2026-09-15 21:30:15,134 [WARNING] Стратегия 'uz1' требует hostlist, но список целей пуст
2026-09-15 21:30:15,263 [WARNING] Стратегия 'uz1' требует hostlist, но список целей пуст
2026-09-15 21:30:15,453 [WARNING] Стратегия 'uz1' требует hostlist, но список целей пуст
2026-09-15 21:30:15,575 [WARNING] Стратегия 'uz1' требует hostlist, но список целей пуст
2026-09-15 21:30:15,773 [WARNING] Стратегия 'uz1' требует hostlist, но список целей пуст
2026-09-15 21:31:16,455 [INFO] Подключено НАСТОЯЩЕЕ ядро (core/dns_server)
2026-09-15 21:31:16,594 [WARNING] Стратегия 'uz1' требует hostlist, но список целей пуст
2026-09-15 21:31:16,746 [WARNING] Стратегия 'uz1' требует hostlist, но список целей пуст
2026-09-15 21:31:16,877 [WARNING] Стратегия 'uz1' требует hostlist, но список целей пуст
2026-09-15 21:31:17,059 [WARNING] Стратегия 'uz1' требует hostlist, но список целей пуст
2026-09-15 21:31:17,171 [WARNING] Стратегия 'uz1' требует hostlist, но список целей пуст
2026-09-15 21:31:17,357 [WARNING] Стратегия 'uz1' требует hostlist, но список целей пуст
2026-09-15 21:32:37,693 [INFO] Подключено НАСТОЯЩЕЕ ядро (core/dns_server)
2026-09-15 21:32:37,834 [WARNING] Стратегия 'uz1' требует hostlist, но список целей пуст
2026-09-15 21:32:38,047 [WARNING] Стратегия 'uz1' требует hostlist, но список целей пуст
2026-09-15 21:32:38,077 [WARNING] Стратегия 'uz1' требует hostlist, но список целей пуст
2026-09-15 21:52:04,594 [INFO] Подключено НАСТОЯЩЕЕ ядро (core/dns_server)
2026-09-15 21:52:04,734 [WARNING] Стратегия 'uz1' требует hostlist, но список целей пуст
2026-09-15 21:52:10,907 [INFO] Подключено НАСТОЯЩЕЕ ядро (core/dns_server)
2026-09-15 21:52:11,070 [WARNING] Стратегия 'uz1' требует hostlist, но список целей пуст
2026-09-15 21:52:23,770 [INFO] Подключено НАСТОЯЩЕЕ ядро (core/dns_server)
2026-09-15 21:52:24,022 [WARNING] Стратегия 'uz1' требует hostlist, но список целей пуст
2026-09-15 21:52:30,895 [INFO] Подключено НАСТОЯЩЕЕ ядро (core/dns_server)
2026-09-15 21:52:31,075 [WARNING] Стратегия 'uz1' требует hostlist, но список целей пуст
2026-09-15 21:54:16,611 [INFO] Подключено НАСТОЯЩЕЕ ядро (core/dns_server)
2026-09-15 21:54:16,749 [WARNING] Стратегия 'uz1' требует hostlist, но список целей пуст
2026-09-15 22:07:01,271 [INFO] Подключено НАСТОЯЩЕЕ ядро (core/dns_server)
2026-09-15 22:07:01,455 [WARNING] Стратегия 'uz1' требует hostlist, но список целей пуст
2026-09-15 22:07:06,256 [INFO] Подключено НАСТОЯЩЕЕ ядро (core/dns_server)
2026-09-15 22:07:06,439 [WARNING] Стратегия 'uz1' требует hostlist, но список целей пуст
2026-09-15 22:07:58,310 [INFO] Подключено НАСТОЯЩЕЕ ядро (core/dns_server)
2026-09-15 22:07:58,457 [WARNING] Стратегия 'uz1' требует hostlist, но список целей пуст
2026-09-15 22:07:59,032 [WARNING] Стратегия 'uz1' требует hostlist, но список целей пуст
2026-09-15 22:07:59,399 [WARNING] Стратегия 'uz1' требует hostlist, но список целей пуст
2026-09-15 22:07:59,799 [WARNING] Стратегия 'uz1' требует hostlist, но список целей пуст
2026-09-15 22:19:57,674 [INFO] Подключено НАСТОЯЩЕЕ ядро (core/dns_server)
2026-09-15 22:19:57,806 [WARNING] Стратегия 'uz1' требует hostlist, но список целей пуст
2026-09-15 22:21:27,153 [INFO] Подключено НАСТОЯЩЕЕ ядро (core/dns_server)
2026-09-15 22:21:27,294 [WARNING] Стратегия 'uz1' требует hostlist, но список целей пуст
2026-09-15 22:21:43,105 [INFO] Подключено НАСТОЯЩЕЕ ядро (core/dns_server)
2026-09-15 22:21:43,264 [WARNING] Стратегия 'uz1' требует hostlist, но список целей пуст
2026-09-15 22:21:45,648 [WARNING] Стратегия 'uz1' требует hostlist, но список целей пуст
2026-09-15 22:21:54,686 [INFO] Подключено НАСТОЯЩЕЕ ядро (core/dns_server)
2026-09-15 22:21:54,843 [WARNING] Стратегия 'uz1' требует hostlist, но список целей пуст
2026-09-15 22:21:55,657 [WARNING] Стратегия 'uz1' требует hostlist, но список целей пуст
2026-09-15 22:21:56,532 [WARNING] Стратегия 'uz1' требует hostlist, но список целей пуст
2026-09-15 22:21:58,281 [WARNING] Стратегия 'uz1' требует hostlist, но список целей пуст
2026-09-15 22:21:59,076 [WARNING] Стратегия 'uz1' требует hostlist, но список целей пуст
2026-09-15 22:22:12,416 [INFO] Подключено НАСТОЯЩЕЕ ядро (core/dns_server)
2026-09-15 22:22:12,548 [WARNING] Стратегия 'uz1' требует hostlist, но список целей пуст
2026-09-15 22:22:19,012 [INFO] Подключено НАСТОЯЩЕЕ ядро (core/dns_server)
2026-09-15 22:22:19,140 [WARNING] Стратегия 'uz1' требует hostlist, но список целей пуст
2026-09-15 22:22:31,166 [INFO] Подключено НАСТОЯЩЕЕ ядро (core/dns_server)
2026-09-15 22:22:31,309 [WARNING] Стратегия 'uz1' требует hostlist, но список целей пуст
2026-09-15 22:22:37,399 [INFO] Подключено НАСТОЯЩЕЕ ядро (core/dns_server)
2026-09-15 22:22:37,527 [WARNING] Стратегия 'uz1' требует hostlist, но список целей пуст
2026-09-15 22:23:16,217 [INFO] Подключено НАСТОЯЩЕЕ ядро (core/dns_server)
2026-09-15 22:23:16,389 [WARNING] Стратегия 'uz1' требует hostlist, но список целей пуст
2026-09-15 22:23:17,220 [WARNING] Стратегия 'uz1' требует hostlist, но список целей пуст
2026-09-15 22:23:17,991 [WARNING] Стратегия 'uz1' требует hostlist, но список целей пуст
2026-09-15 22:23:19,842 [WARNING] Стратегия 'uz1' требует hostlist, но список целей пуст
2026-09-15 22:23:20,717 [WARNING] Стратегия 'uz1' требует hostlist, но список целей пуст
2026-09-15 22:23:21,978 [INFO] Подключено НАСТОЯЩЕЕ ядро (core/dns_server)
2026-09-15 22:23:22,154 [WARNING] Стратегия 'uz1' требует hostlist, но список целей пуст
2026-09-15 22:23:23,119 [WARNING] Стратегия 'uz1' требует hostlist, но список целей пуст
2026-09-15 22:23:24,185 [WARNING] Стратегия 'uz1' требует hostlist, но список целей пуст
2026-09-15 22:23:26,316 [WARNING] Стратегия 'uz1' требует hostlist, но список целей пуст
2026-09-15 22:25:48,119 [INFO] Подключено НАСТОЯЩЕЕ ядро (core/dns_server)
2026-09-15 22:25:48,257 [WARNING] Стратегия 'uz1' требует hostlist, но список целей пуст
2026-09-15 22:46:50,914 [INFO] Подключено НАСТОЯЩЕЕ ядро (core/dns_server)
2026-09-15 22:46:51,061 [WARNING] Стратегия 'uz1' требует hostlist, но список целей пуст
2026-09-15 22:47:48,346 [INFO] Подключено НАСТОЯЩЕЕ ядро (core/dns_server)
2026-09-15 22:47:48,503 [WARNING] Стратегия 'uz1' требует hostlist, но список целей пуст
2026-09-15 22:47:59,306 [INFO] Подключено НАСТОЯЩЕЕ ядро (core/dns_server)
2026-09-15 22:47:59,446 [WARNING] Стратегия 'uz1' требует hostlist, но список целей пуст
2026-09-15 22:48:00,377 [WARNING] Стратегия 'uz1' требует hostlist, но список целей пуст
2026-09-15 22:48:30,423 [INFO] Подключено НАСТОЯЩЕЕ ядро (core/dns_server)
2026-09-15 22:48:30,572 [WARNING] Стратегия 'uz1' требует hostlist, но список целей пуст
2026-09-15 22:52:15,392 [INFO] Подключено НАСТОЯЩЕЕ ядро (core/dns_server)
2026-09-15 22:52:15,528 [WARNING] Стратегия 'uz1' требует hostlist, но список целей пуст
2026-09-15 22:52:22,946 [INFO] Подключено НАСТОЯЩЕЕ ядро (core/dns_server)
2026-09-15 22:52:23,085 [WARNING] Стратегия 'uz1' требует hostlist, но список целей пуст
2026-09-15 22:52:32,621 [INFO] Подключено НАСТОЯЩЕЕ ядро (core/dns_server)
2026-09-15 22:52:32,764 [WARNING] Стратегия 'uz1' требует hostlist, но список целей пуст
2026-09-15 22:53:48,854 [INFO] Подключено НАСТОЯЩЕЕ ядро (core/dns_server)
2026-09-15 22:53:48,979 [WARNING] Стратегия 'uz1' требует hostlist, но список целей пуст
2026-09-15 23:05:32,053 [INFO] Подключено НАСТОЯЩЕЕ ядро (core/dns_server)
2026-09-15 23:05:32,179 [WARNING] Стратегия 'uz1' требует hostlist, но список целей пуст
2026-09-15 23:05:37,684 [INFO] Подключено НАСТОЯЩЕЕ ядро (core/dns_server)
2026-09-15 23:05:37,821 [WARNING] Стратегия 'uz1' требует hostlist, но список целей пуст
2026-09-15 23:06:39,841 [INFO] Подключено НАСТОЯЩЕЕ ядро (core/dns_server)
2026-09-15 23:06:39,981 [WARNING] Стратегия 'uz1' требует hostlist, но список целей пуст
2026-09-15 23:06:58,151 [INFO] Подключено НАСТОЯЩЕЕ ядро (core/dns_server)
2026-09-15 23:06:58,326 [WARNING] Стратегия 'uz1' требует hostlist, но список целей пуст
2026-09-15 23:07:08,627 [INFO] Подключено НАСТОЯЩЕЕ ядро (core/dns_server)
2026-09-15 23:07:08,771 [WARNING] Стратегия 'uz1' требует hostlist, но список целей пуст
2026-09-15 23:08:03,273 [INFO] Подключено НАСТОЯЩЕЕ ядро (core/dns_server)
2026-09-15 23:08:03,438 [WARNING] Стратегия 'uz1' требует hostlist, но список целей пуст
2026-09-15 23:09:37,507 [INFO] Подключено НАСТОЯЩЕЕ ядро (core/dns_server)
2026-09-15 23:09:37,672 [WARNING] Стратегия 'uz1' требует hostlist, но список целей пуст
2026-09-15 23:09:49,787 [INFO] Подключено НАСТОЯЩЕЕ ядро (core/dns_server)
2026-09-15 23:09:49,932 [WARNING] Стратегия 'uz1' требует hostlist, но список целей пуст
2026-09-15 23:21:36,507 [INFO] Подключено НАСТОЯЩЕЕ ядро (core/dns_server)
2026-09-15 23:21:36,634 [WARNING] Стратегия 'uz1' требует hostlist, но список целей пуст
2026-09-15 23:21:58,199 [INFO] Подключено НАСТОЯЩЕЕ ядро (core/dns_server)
2026-09-15 23:21:58,321 [WARNING] Стратегия 'uz1' требует hostlist, но список целей пуст
2026-09-15 23:22:30,054 [INFO] Подключено НАСТОЯЩЕЕ ядро (core/dns_server)
2026-09-15 23:22:30,193 [WARNING] Стратегия 'uz1' требует hostlist, но список целей пуст
2026-09-15 23:22:46,602 [INFO] Подключено НАСТОЯЩЕЕ ядро (core/dns_server)
2026-09-15 23:22:46,737 [WARNING] Стратегия 'uz1' требует hostlist, но список целей пуст
2026-09-15 23:23:02,145 [INFO] Подключено НАСТОЯЩЕЕ ядро (core/dns_server)
2026-09-15 23:23:02,286 [WARNING] Стратегия 'uz1' требует hostlist, но список целей пуст
2026-09-15 23:25:33,331 [INFO] Подключено НАСТОЯЩЕЕ ядро (core/dns_server)
2026-09-15 23:25:33,470 [WARNING] Стратегия 'uz1' требует hostlist, но список целей пуст
2026-09-15 23:26:08,431 [INFO] Подключено НАСТОЯЩЕЕ ядро (core/dns_server)
2026-09-15 23:26:08,576 [WARNING] Стратегия 'uz1' требует hostlist, но список целей пуст
2026-09-16 17:29:02,575 [INFO] Подключено НАСТОЯЩЕЕ ядро (core/dns_server)
2026-09-16 17:29:02,767 [WARNING] Стратегия 'uz1' требует hostlist, но список целей пуст
2026-09-16 17:29:10,150 [INFO] Подключено НАСТОЯЩЕЕ ядро (core/dns_server)
2026-09-16 17:29:10,326 [WARNING] Стратегия 'uz1' требует hostlist, но список целей пуст
2026-09-16 17:29:22,719 [INFO] Подключено НАСТОЯЩЕЕ ядро (core/dns_server)
2026-09-16 17:29:22,865 [WARNING] Стратегия 'uz1' требует hostlist, но список целей пуст
2026-09-16 17:29:38,973 [INFO] Подключено НАСТОЯЩЕЕ ядро (core/dns_server)
2026-09-16 17:29:39,145 [WARNING] Стратегия 'uz1' требует hostlist, но список целей пуст
2026-09-16 17:31:37,239 [INFO] Подключено НАСТОЯЩЕЕ ядро (core/dns_server)
2026-09-16 17:31:37,423 [WARNING] Стратегия 'uz1' требует hostlist, но список целей пуст
2026-09-16 17:31:38,627 [INFO] DnsProcessTracker остановлен
2026-09-16 17:31:38,628 [INFO] DNS-серверы и DPI-движок остановлены
2026-09-16 17:31:38,651 [INFO] Подключено НАСТОЯЩЕЕ ядро (core/dns_server)
2026-09-16 17:31:38,697 [WARNING] Стратегия 'uz1' требует hostlist, но список целей пуст
2026-09-16 17:31:39,958 [INFO] DnsProcessTracker остановлен
2026-09-16 17:31:39,958 [INFO] DNS-серверы и DPI-движок остановлены
2026-09-16 17:32:38,119 [INFO] Подключено НАСТОЯЩЕЕ ядро (core/dns_server)
2026-09-16 17:32:38,309 [WARNING] Стратегия 'uz1' требует hostlist, но список целей пуст
2026-09-16 17:32:46,415 [INFO] Подключено НАСТОЯЩЕЕ ядро (core/dns_server)
2026-09-16 17:32:46,570 [WARNING] Стратегия 'uz1' требует hostlist, но список целей пуст
2026-09-16 17:32:55,645 [INFO] Подключено НАСТОЯЩЕЕ ядро (core/dns_server)
2026-09-16 17:32:55,804 [WARNING] Стратегия 'uz1' требует hostlist, но список целей пуст
2026-09-16 17:51:31,422 [INFO] Подключено НАСТОЯЩЕЕ ядро (core/dns_server)
2026-09-16 17:51:31,588 [WARNING] Стратегия 'uz1' требует hostlist, но список целей пуст
2026-09-16 17:52:43,908 [INFO] Подключено НАСТОЯЩЕЕ ядро (core/dns_server)
2026-09-16 17:52:44,150 [WARNING] Стратегия 'uz1' требует hostlist, но список целей пуст
2026-09-16 17:53:18,153 [INFO] Подключено НАСТОЯЩЕЕ ядро (core/dns_server)
2026-09-16 17:53:18,335 [WARNING] Стратегия 'uz1' требует hostlist, но список целей пуст
2026-09-16 17:53:24,350 [INFO] Подключено НАСТОЯЩЕЕ ядро (core/dns_server)
2026-09-16 17:53:24,507 [WARNING] Стратегия 'uz1' требует hostlist, но список целей пуст
2026-09-16 17:55:24,286 [INFO] Подключено НАСТОЯЩЕЕ ядро (core/dns_server)
2026-09-16 17:55:24,467 [WARNING] Стратегия 'uz1' требует hostlist, но список целей пуст
2026-09-16 18:08:00,486 [INFO] Подключено НАСТОЯЩЕЕ ядро (core/dns_server)
2026-09-16 18:08:00,655 [WARNING] Стратегия 'uz1' требует hostlist, но список целей пуст
2026-09-16 18:08:09,505 [INFO] Подключено НАСТОЯЩЕЕ ядро (core/dns_server)
2026-09-16 18:08:09,650 [WARNING] Стратегия 'uz1' требует hostlist, но список целей пуст
2026-09-16 18:08:50,982 [INFO] Подключено НАСТОЯЩЕЕ ядро (core/dns_server)
2026-09-16 18:08:51,137 [WARNING] Стратегия 'uz1' требует hostlist, но список целей пуст
2026-09-16 18:10:31,565 [INFO] Подключено НАСТОЯЩЕЕ ядро (core/dns_server)
2026-09-16 18:10:31,734 [WARNING] Стратегия 'uz1' требует hostlist, но список целей пуст
2026-09-16 18:26:01,123 [INFO] Подключено НАСТОЯЩЕЕ ядро (core/dns_server)
2026-09-16 18:26:01,320 [WARNING] Стратегия 'uz1' требует hostlist, но список целей пуст
2026-09-16 18:26:11,857 [INFO] Подключено НАСТОЯЩЕЕ ядро (core/dns_server)
2026-09-16 18:26:12,021 [WARNING] Стратегия 'uz1' требует hostlist, но список целей пуст
2026-09-16 18:26:20,364 [INFO] Подключено НАСТОЯЩЕЕ ядро (core/dns_server)
2026-09-16 18:26:20,524 [WARNING] Стратегия 'uz1' требует hostlist, но список целей пуст
2026-09-16 18:26:29,922 [INFO] Подключено НАСТОЯЩЕЕ ядро (core/dns_server)
2026-09-16 18:26:30,087 [WARNING] Стратегия 'uz1' требует hostlist, но список целей пуст
2026-09-16 18:26:39,557 [INFO] Подключено НАСТОЯЩЕЕ ядро (core/dns_server)
2026-09-16 18:26:39,689 [WARNING] Стратегия 'uz1' требует hostlist, но список целей пуст
2026-09-16 18:26:46,400 [INFO] Подключено НАСТОЯЩЕЕ ядро (core/dns_server)
2026-09-16 18:26:46,576 [WARNING] Стратегия 'uz1' требует hostlist, но список целей пуст
2026-09-16 18:26:48,194 [INFO] DnsProcessTracker остановлен
2026-09-16 18:26:48,194 [INFO] DNS-серверы и DPI-движок остановлены
2026-09-16 18:26:48,241 [WARNING] Стратегия 'uz1' требует hostlist, но список целей пуст
2026-09-16 18:26:56,516 [INFO] Подключено НАСТОЯЩЕЕ ядро (core/dns_server)
2026-09-16 18:26:56,674 [WARNING] Стратегия 'uz1' требует hostlist, но список целей пуст
2026-09-16 18:27:18,110 [INFO] Подключено НАСТОЯЩЕЕ ядро (core/dns_server)
2026-09-16 18:27:18,267 [WARNING] Стратегия 'uz1' требует hostlist, но список целей пуст
2026-09-16 18:29:12,016 [INFO] Подключено НАСТОЯЩЕЕ ядро (core/dns_server)
2026-09-16 18:29:12,181 [WARNING] Стратегия 'uz1' требует hostlist, но список целей пуст
2026-09-16 18:29:25,208 [INFO] Подключено НАСТОЯЩЕЕ ядро (core/dns_server)
2026-09-16 18:29:25,362 [WARNING] Стратегия 'uz1' требует hostlist, но список целей пуст
2026-09-16 18:29:35,873 [INFO] Подключено НАСТОЯЩЕЕ ядро (core/dns_server)
2026-09-16 18:29:36,031 [WARNING] Стратегия 'uz1' требует hostlist, но список целей пуст
2026-09-16 18:30:24,473 [INFO] Подключено НАСТОЯЩЕЕ ядро (core/dns_server)
2026-09-16 18:30:24,627 [WARNING] Стратегия 'uz1' требует hostlist, но список целей пуст
2026-09-16 18:30:26,093 [INFO] Подключено НАСТОЯЩЕЕ ядро (core/dns_server)
2026-09-16 18:30:26,242 [WARNING] Стратегия 'uz1' требует hostlist, но список целей пуст
2026-09-16 18:34:16,433 [INFO] Подключено НАСТОЯЩЕЕ ядро (core/dns_server)
2026-09-16 18:34:16,573 [WARNING] Стратегия 'uz1' требует hostlist, но список целей пуст
2026-09-16 18:34:27,706 [INFO] Подключено НАСТОЯЩЕЕ ядро (core/dns_server)
2026-09-16 18:34:27,858 [WARNING] Стратегия 'uz1' требует hostlist, но список целей пуст
2026-09-16 18:34:45,836 [INFO] Подключено НАСТОЯЩЕЕ ядро (core/dns_server)
2026-09-16 18:34:45,981 [WARNING] Стратегия 'uz1' требует hostlist, но список целей пуст
2026-09-16 18:34:55,623 [INFO] Подключено НАСТОЯЩЕЕ ядро (core/dns_server)
2026-09-16 18:34:55,771 [WARNING] Стратегия 'uz1' требует hostlist, но список целей пуст
2026-09-16 18:35:02,643 [INFO] Подключено НАСТОЯЩЕЕ ядро (core/dns_server)
2026-09-16 18:35:02,785 [WARNING] Стратегия 'uz1' требует hostlist, но список целей пуст
2026-09-16 18:35:13,257 [INFO] Подключено НАСТОЯЩЕЕ ядро (core/dns_server)
2026-09-16 18:35:13,402 [WARNING] Стратегия 'uz1' требует hostlist, но список целей пуст
2026-09-16 18:51:49,831 [INFO] Подключено НАСТОЯЩЕЕ ядро (core/dns_server)
2026-09-16 18:51:49,984 [WARNING] Стратегия 'uz1' требует hostlist, но список целей пуст
2026-09-16 18:52:06,944 [INFO] Подключено НАСТОЯЩЕЕ ядро (core/dns_server)
2026-09-16 18:52:07,096 [WARNING] Стратегия 'uz1' требует hostlist, но список целей пуст
2026-09-16 18:54:32,242 [INFO] Подключено НАСТОЯЩЕЕ ядро (core/dns_server)
2026-09-16 18:54:32,411 [WARNING] Стратегия 'uz1' требует hostlist, но список целей пуст
2026-09-16 18:56:23,596 [INFO] Подключено НАСТОЯЩЕЕ ядро (core/dns_server)
2026-09-16 18:56:23,736 [WARNING] Стратегия 'uz1' требует hostlist, но список целей пуст
2026-09-16 18:56:36,504 [INFO] Подключено НАСТОЯЩЕЕ ядро (core/dns_server)
2026-09-16 18:56:36,658 [WARNING] Стратегия 'uz1' требует hostlist, но список целей пуст
2026-09-16 18:56:52,494 [INFO] Подключено НАСТОЯЩЕЕ ядро (core/dns_server)
2026-09-16 18:56:52,648 [WARNING] Стратегия 'uz1' требует hostlist, но список целей пуст
2026-09-16 18:57:04,779 [INFO] Подключено НАСТОЯЩЕЕ ядро (core/dns_server)
2026-09-16 18:57:04,924 [WARNING] Стратегия 'uz1' требует hostlist, но список целей пуст
2026-09-16 18:57:10,162 [INFO] Подключено НАСТОЯЩЕЕ ядро (core/dns_server)
2026-09-16 18:57:10,317 [WARNING] Стратегия 'uz1' требует hostlist, но список целей пуст
2026-09-16 18:57:19,575 [INFO] Подключено НАСТОЯЩЕЕ ядро (core/dns_server)
2026-09-16 18:57:19,735 [WARNING] Стратегия 'uz1' требует hostlist, но список целей пуст
2026-09-16 19:03:16,198 [INFO] Подключено НАСТОЯЩЕЕ ядро (core/dns_server)
2026-09-16 19:03:16,433 [WARNING] Стратегия 'uz1' требует hostlist, но список целей пуст
2026-09-16 19:03:28,564 [INFO] Подключено НАСТОЯЩЕЕ ядро (core/dns_server)
2026-09-16 19:03:28,713 [WARNING] Стратегия 'uz1' требует hostlist, но список целей пуст
2026-09-16 19:03:36,829 [INFO] Подключено НАСТОЯЩЕЕ ядро (core/dns_server)
2026-09-16 19:03:36,985 [WARNING] Стратегия 'uz1' требует hostlist, но список целей пуст
2026-09-16 19:05:59,583 [INFO] Подключено НАСТОЯЩЕЕ ядро (core/dns_server)
2026-09-16 19:05:59,762 [WARNING] Стратегия 'uz1' требует hostlist, но список целей пуст
2026-09-16 19:06:26,921 [INFO] Подключено НАСТОЯЩЕЕ ядро (core/dns_server)
2026-09-16 19:06:27,082 [WARNING] Стратегия 'uz1' требует hostlist, но список целей пуст
2026-09-16 19:07:06,144 [INFO] Подключено НАСТОЯЩЕЕ ядро (core/dns_server)
2026-09-16 19:07:06,303 [WARNING] Стратегия 'uz1' требует hostlist, но список целей пуст
2026-09-16 19:07:25,828 [INFO] Подключено НАСТОЯЩЕЕ ядро (core/dns_server)
2026-09-16 19:07:25,993 [WARNING] Стратегия 'uz1' требует hostlist, но список целей пуст
2026-09-16 19:07:36,400 [INFO] Подключено НАСТОЯЩЕЕ ядро (core/dns_server)
2026-09-16 19:07:36,563 [WARNING] Стратегия 'uz1' требует hostlist, но список целей пуст
2026-09-16 19:08:00,579 [INFO] Подключено НАСТОЯЩЕЕ ядро (core/dns_server)
2026-09-16 19:08:00,733 [WARNING] Стратегия 'uz1' требует hostlist, но список целей пуст
2026-09-16 19:08:28,958 [INFO] Подключено НАСТОЯЩЕЕ ядро (core/dns_server)
2026-09-16 19:08:29,131 [WARNING] Стратегия 'uz1' требует hostlist, но список целей пуст
2026-09-16 19:08:39,773 [INFO] Подключено НАСТОЯЩЕЕ ядро (core/dns_server)
2026-09-16 19:08:39,934 [WARNING] Стратегия 'uz1' требует hostlist, но список целей пуст
2026-09-16 19:16:42,963 [INFO] Подключено НАСТОЯЩЕЕ ядро (core/dns_server)
2026-09-16 19:16:43,116 [WARNING] Стратегия 'uz1' требует hostlist, но список целей пуст
2026-09-16 19:16:44,851 [INFO] Подключено НАСТОЯЩЕЕ ядро (core/dns_server)
2026-09-16 19:16:45,007 [WARNING] Стратегия 'uz1' требует hostlist, но список целей пуст
2026-09-16 19:16:46,438 [INFO] Подключено НАСТОЯЩЕЕ ядро (core/dns_server)
2026-09-16 19:16:46,628 [WARNING] Стратегия 'uz1' требует hostlist, но список целей пуст
2026-09-16 19:17:03,666 [INFO] Подключено НАСТОЯЩЕЕ ядро (core/dns_server)
2026-09-16 19:17:03,824 [WARNING] Стратегия 'uz1' требует hostlist, но список целей пуст
2026-09-16 19:17:05,602 [INFO] Подключено НАСТОЯЩЕЕ ядро (core/dns_server)
2026-09-16 19:17:05,756 [WARNING] Стратегия 'uz1' требует hostlist, но список целей пуст
2026-09-16 19:17:10,291 [INFO] Подключено НАСТОЯЩЕЕ ядро (core/dns_server)
2026-09-16 19:17:10,471 [WARNING] Стратегия 'uz1' требует hostlist, но список целей пуст
2026-09-16 19:18:20,357 [INFO] Подключено НАСТОЯЩЕЕ ядро (core/dns_server)
2026-09-16 19:18:20,497 [WARNING] Стратегия 'uz1' требует hostlist, но список целей пуст
2026-09-16 19:18:21,952 [INFO] Подключено НАСТОЯЩЕЕ ядро (core/dns_server)
2026-09-16 19:18:22,121 [WARNING] Стратегия 'uz1' требует hostlist, но список целей пуст
2026-09-16 19:19:37,788 [INFO] Подключено НАСТОЯЩЕЕ ядро (core/dns_server)
2026-09-16 19:19:37,947 [WARNING] Стратегия 'uz1' требует hostlist, но список целей пуст
2026-09-16 19:19:42,845 [INFO] Подключено НАСТОЯЩЕЕ ядро (core/dns_server)
2026-09-16 19:19:42,998 [WARNING] Стратегия 'uz1' требует hostlist, но список целей пуст
2026-09-16 20:26:41,303 [INFO] Подключено НАСТОЯЩЕЕ ядро (core/dns_server)
2026-09-16 20:26:41,523 [WARNING] Стратегия 'uz1' требует hostlist, но список целей пуст
2026-09-16 20:26:53,489 [INFO] Подключено НАСТОЯЩЕЕ ядро (core/dns_server)
2026-09-16 20:26:53,692 [WARNING] Стратегия 'uz1' требует hostlist, но список целей пуст
2026-09-16 20:27:14,571 [INFO] Подключено НАСТОЯЩЕЕ ядро (core/dns_server)
2026-09-16 20:27:14,805 [WARNING] Стратегия 'uz1' требует hostlist, но список целей пуст
2026-09-16 20:27:16,458 [INFO] Конфигурация перезагружена; DNS-кэш очищен
2026-09-16 20:27:24,277 [INFO] Подключено НАСТОЯЩЕЕ ядро (core/dns_server)
2026-09-16 20:27:24,501 [WARNING] Стратегия 'uz1' требует hostlist, но список целей пуст
2026-09-16 20:33:45,503 [INFO] Подключено НАСТОЯЩЕЕ ядро (core/dns_server)
2026-09-16 20:33:45,712 [WARNING] Стратегия 'uz1' требует hostlist, но список целей пуст
2026-09-16 20:33:52,507 [INFO] Подключено НАСТОЯЩЕЕ ядро (core/dns_server)
2026-09-16 20:33:52,704 [WARNING] Стратегия 'uz1' требует hostlist, но список целей пуст
2026-09-16 20:33:54,431 [INFO] Конфигурация перезагружена; DNS-кэш очищен
2026-09-16 21:02:31,747 [INFO] Подключено НАСТОЯЩЕЕ ядро (core/dns_server)
2026-09-16 21:02:31,987 [WARNING] Стратегия 'uz1' требует hostlist, но список целей пуст
2026-09-16 21:02:32,269 [INFO] DnsProcessTracker остановлен
2026-09-16 21:02:32,269 [INFO] DNS-серверы и DPI-движок остановлены
2026-09-16 21:47:50,177 [INFO] Подключено НАСТОЯЩЕЕ ядро (core/dns_server)
2026-09-16 21:47:50,681 [INFO] DnsProcessTracker остановлен
2026-09-16 21:47:50,681 [INFO] DNS-серверы и DPI-движок остановлены
2026-09-16 21:48:46,979 [INFO] Подключено НАСТОЯЩЕЕ ядро (core/dns_server)
2026-09-16 21:48:47,420 [INFO] DnsProcessTracker остановлен
2026-09-16 21:48:47,420 [INFO] DNS-серверы и DPI-движок остановлены
2026-09-16 21:48:56,318 [INFO] Подключено НАСТОЯЩЕЕ ядро (core/dns_server)
2026-09-16 21:48:56,864 [INFO] DnsProcessTracker остановлен
2026-09-16 21:48:56,864 [INFO] DNS-серверы и DPI-движок остановлены
2026-09-16 21:49:03,826 [INFO] Подключено НАСТОЯЩЕЕ ядро (core/dns_server)
2026-09-16 21:49:04,223 [INFO] DnsProcessTracker остановлен
2026-09-16 21:49:04,223 [INFO] DNS-серверы и DPI-движок остановлены
2026-09-16 21:50:07,768 [INFO] Подключено НАСТОЯЩЕЕ ядро (core/dns_server)
2026-09-16 21:50:08,185 [INFO] DnsProcessTracker остановлен
2026-09-16 21:50:08,185 [INFO] DNS-серверы и DPI-движок остановлены
2026-09-16 21:50:18,301 [INFO] Подключено НАСТОЯЩЕЕ ядро (core/dns_server)
2026-09-16 21:50:18,753 [INFO] DnsProcessTracker остановлен
2026-09-16 21:50:18,753 [INFO] DNS-серверы и DPI-движок остановлены
2026-09-16 21:50:25,251 [INFO] Подключено НАСТОЯЩЕЕ ядро (core/dns_server)
2026-09-16 21:50:25,641 [INFO] DnsProcessTracker остановлен
2026-09-16 21:50:25,641 [INFO] DNS-серверы и DPI-движок остановлены
2026-09-16 21:50:40,975 [INFO] Подключено НАСТОЯЩЕЕ ядро (core/dns_server)
2026-09-16 21:50:41,362 [INFO] DnsProcessTracker остановлен
2026-09-16 21:50:41,362 [INFO] DNS-серверы и DPI-движок остановлены
2026-09-16 21:50:51,866 [INFO] Подключено НАСТОЯЩЕЕ ядро (core/dns_server)
2026-09-16 21:50:52,274 [INFO] DnsProcessTracker остановлен
2026-09-16 21:50:52,274 [INFO] DNS-серверы и DPI-движок остановлены
2026-09-16 21:51:02,049 [INFO] Подключено НАСТОЯЩЕЕ ядро (core/dns_server)
2026-09-16 21:51:02,460 [INFO] DnsProcessTracker остановлен
2026-09-16 21:51:02,460 [INFO] DNS-серверы и DPI-движок остановлены
2026-09-16 21:51:45,930 [INFO] Подключено НАСТОЯЩЕЕ ядро (core/dns_server)
2026-09-16 21:51:46,304 [INFO] DnsProcessTracker остановлен
2026-09-16 21:51:46,304 [INFO] DNS-серверы и DPI-движок остановлены
2026-09-16 21:52:32,157 [INFO] Подключено НАСТОЯЩЕЕ ядро (core/dns_server)
2026-09-16 21:52:32,912 [INFO] DnsProcessTracker остановлен
2026-09-16 21:52:32,913 [INFO] DNS-серверы и DPI-движок остановлены
2026-09-16 21:52:39,444 [INFO] Подключено НАСТОЯЩЕЕ ядро (core/dns_server)
2026-09-16 21:52:39,820 [INFO] DnsProcessTracker остановлен
2026-09-16 21:52:39,820 [INFO] DNS-серверы и DPI-движок остановлены
2026-09-16 21:52:46,795 [INFO] Подключено НАСТОЯЩЕЕ ядро (core/dns_server)
2026-09-16 21:52:47,556 [INFO] DnsProcessTracker остановлен
2026-09-16 21:52:47,556 [INFO] DNS-серверы и DPI-движок остановлены
2026-09-16 21:53:00,869 [INFO] Подключено НАСТОЯЩЕЕ ядро (core/dns_server)
2026-09-16 21:53:01,508 [INFO] DnsProcessTracker остановлен
2026-09-16 21:53:01,508 [INFO] DNS-серверы и DPI-движок остановлены
2026-09-16 21:53:12,936 [INFO] Подключено НАСТОЯЩЕЕ ядро (core/dns_server)
2026-09-16 21:53:13,352 [INFO] DnsProcessTracker остановлен
2026-09-16 21:53:13,352 [INFO] DNS-серверы и DPI-движок остановлены
2026-09-16 21:53:24,474 [INFO] Подключено НАСТОЯЩЕЕ ядро (core/dns_server)
2026-09-16 21:53:24,905 [INFO] DnsProcessTracker остановлен
2026-09-16 21:53:24,905 [INFO] DNS-серверы и DPI-движок остановлены
2026-09-16 21:53:32,646 [INFO] Подключено НАСТОЯЩЕЕ ядро (core/dns_server)
2026-09-16 21:53:33,219 [INFO] DnsProcessTracker остановлен
2026-09-16 21:53:33,219 [INFO] DNS-серверы и DPI-движок остановлены
2026-09-16 21:54:31,171 [INFO] Подключено НАСТОЯЩЕЕ ядро (core/dns_server)
2026-09-16 21:54:31,595 [INFO] DnsProcessTracker остановлен
2026-09-16 21:54:31,595 [INFO] DNS-серверы и DPI-движок остановлены
2026-09-16 21:55:07,564 [INFO] Подключено НАСТОЯЩЕЕ ядро (core/dns_server)
2026-09-16 21:55:08,011 [INFO] DnsProcessTracker остановлен
2026-09-16 21:55:08,011 [INFO] DNS-серверы и DPI-движок остановлены
2026-09-16 21:55:16,561 [INFO] Подключено НАСТОЯЩЕЕ ядро (core/dns_server)
2026-09-16 21:55:16,982 [INFO] DnsProcessTracker остановлен
2026-09-16 21:55:16,982 [INFO] DNS-серверы и DPI-движок остановлены
2026-09-16 21:55:29,005 [INFO] Подключено НАСТОЯЩЕЕ ядро (core/dns_server)
2026-09-16 21:55:29,441 [INFO] DnsProcessTracker остановлен
2026-09-16 21:55:29,441 [INFO] DNS-серверы и DPI-движок остановлены
2026-09-16 21:57:16,967 [INFO] Подключено НАСТОЯЩЕЕ ядро (core/dns_server)
2026-09-16 21:57:17,380 [INFO] DnsProcessTracker остановлен
2026-09-16 21:57:17,381 [INFO] DNS-серверы и DPI-движок остановлены
2026-09-16 21:57:44,989 [INFO] Подключено НАСТОЯЩЕЕ ядро (core/dns_server)
2026-09-16 21:57:45,464 [INFO] DnsProcessTracker остановлен
2026-09-16 21:57:45,464 [INFO] DNS-серверы и DPI-движок остановлены
2026-09-16 22:06:35,613 [INFO] Подключено НАСТОЯЩЕЕ ядро (core/dns_server)
2026-09-16 22:06:36,205 [INFO] DnsProcessTracker остановлен
2026-09-16 22:06:36,205 [INFO] DNS-серверы и DPI-движок остановлены
2026-09-16 22:06:36,568 [INFO] Подключено НАСТОЯЩЕЕ ядро (core/dns_server)
2026-09-16 22:06:37,019 [INFO] DnsProcessTracker остановлен
2026-09-16 22:06:37,019 [INFO] DNS-серверы и DPI-движок остановлены
2026-09-17 15:16:57,225 [INFO] Подключено НАСТОЯЩЕЕ ядро (core/dns_server)
2026-09-17 15:16:57,833 [INFO] DnsProcessTracker остановлен
2026-09-17 15:16:57,833 [INFO] DNS-серверы и DPI-движок остановлены
2026-09-17 15:17:24,121 [INFO] Подключено НАСТОЯЩЕЕ ядро (core/dns_server)
2026-09-17 15:17:24,653 [INFO] DnsProcessTracker остановлен
2026-09-17 15:17:24,653 [INFO] DNS-серверы и DPI-движок остановлены
2026-09-17 15:18:30,021 [INFO] Подключено НАСТОЯЩЕЕ ядро (core/dns_server)
2026-09-17 15:18:30,553 [INFO] DnsProcessTracker остановлен
2026-09-17 15:18:30,553 [INFO] DNS-серверы и DPI-движок остановлены
2026-09-17 15:19:46,453 [INFO] Подключено НАСТОЯЩЕЕ ядро (core/dns_server)
2026-09-17 15:19:47,331 [INFO] DnsProcessTracker остановлен
2026-09-17 15:19:47,331 [INFO] DNS-серверы и DPI-движок остановлены
2026-09-17 15:19:56,965 [INFO] Подключено НАСТОЯЩЕЕ ядро (core/dns_server)
2026-09-17 15:19:57,453 [INFO] DnsProcessTracker остановлен
2026-09-17 15:19:57,453 [INFO] DNS-серверы и DPI-движок остановлены
2026-09-17 15:20:16,071 [INFO] Подключено НАСТОЯЩЕЕ ядро (core/dns_server)
2026-09-17 15:20:16,593 [INFO] DnsProcessTracker остановлен
2026-09-17 15:20:16,593 [INFO] DNS-серверы и DPI-движок остановлены
2026-09-17 15:20:27,263 [INFO] Подключено НАСТОЯЩЕЕ ядро (core/dns_server)
2026-09-17 15:20:27,823 [INFO] DnsProcessTracker остановлен
2026-09-17 15:20:27,824 [INFO] DNS-серверы и DPI-движок остановлены
2026-09-17 15:24:26,776 [INFO] Подключено НАСТОЯЩЕЕ ядро (core/dns_server)
2026-09-17 15:24:27,537 [INFO] DnsProcessTracker остановлен
2026-09-17 15:24:27,538 [INFO] DNS-серверы и DPI-движок остановлены
2026-09-17 15:38:41,003 [INFO] Подключено НАСТОЯЩЕЕ ядро (core/dns_server)
2026-09-17 15:38:41,818 [INFO] DnsProcessTracker остановлен
2026-09-17 15:38:41,818 [INFO] DNS-серверы и DPI-движок остановлены
2026-09-17 15:38:46,683 [INFO] Подключено НАСТОЯЩЕЕ ядро (core/dns_server)
2026-09-17 15:38:47,338 [INFO] DnsProcessTracker остановлен
2026-09-17 15:38:47,339 [INFO] DNS-серверы и DPI-движок остановлены
2026-09-17 15:39:35,270 [INFO] Подключено НАСТОЯЩЕЕ ядро (core/dns_server)
2026-09-17 15:39:40,642 [INFO] Подключено НАСТОЯЩЕЕ ядро (core/dns_server)
2026-09-17 15:39:41,124 [INFO] DnsProcessTracker остановлен
2026-09-17 15:39:41,124 [INFO] DNS-серверы и DPI-движок остановлены
2026-09-17 15:39:54,825 [INFO] Подключено НАСТОЯЩЕЕ ядро (core/dns_server)
2026-09-17 15:39:55,283 [INFO] DnsProcessTracker остановлен
2026-09-17 15:39:55,283 [INFO] DNS-серверы и DPI-движок остановлены
2026-09-17 15:40:31,207 [INFO] Подключено НАСТОЯЩЕЕ ядро (core/dns_server)
2026-09-17 15:40:31,987 [INFO] DnsProcessTracker остановлен
2026-09-17 15:40:31,988 [INFO] DNS-серверы и DPI-движок остановлены
2026-09-17 15:40:35,984 [INFO] Подключено НАСТОЯЩЕЕ ядро (core/dns_server)
2026-09-17 15:40:36,693 [INFO] DnsProcessTracker остановлен
2026-09-17 15:40:36,693 [INFO] DNS-серверы и DPI-движок остановлены
2026-09-17 15:40:50,566 [INFO] Подключено НАСТОЯЩЕЕ ядро (core/dns_server)
2026-09-17 15:40:51,592 [INFO] DnsProcessTracker остановлен
2026-09-17 15:40:51,592 [INFO] DNS-серверы и DPI-движок остановлены
2026-09-17 15:40:55,444 [INFO] Подключено НАСТОЯЩЕЕ ядро (core/dns_server)
2026-09-17 15:40:56,194 [INFO] DnsProcessTracker остановлен
2026-09-17 15:40:56,194 [INFO] DNS-серверы и DPI-движок остановлены
2026-09-17 15:41:05,353 [INFO] Подключено НАСТОЯЩЕЕ ядро (core/dns_server)
2026-09-17 15:41:06,469 [INFO] DnsProcessTracker остановлен
2026-09-17 15:41:06,469 [INFO] DNS-серверы и DPI-движок остановлены
2026-09-17 15:41:06,892 [INFO] Подключено НАСТОЯЩЕЕ ядро (core/dns_server)
2026-09-17 15:41:07,748 [INFO] DnsProcessTracker остановлен
2026-09-17 15:41:07,748 [INFO] DNS-серверы и DPI-движок остановлены
2026-09-17 15:42:00,806 [INFO] Подключено НАСТОЯЩЕЕ ядро (core/dns_server)
2026-09-17 15:42:01,267 [INFO] DnsProcessTracker остановлен
2026-09-17 15:42:01,267 [INFO] DNS-серверы и DPI-движок остановлены
2026-09-17 15:45:28,903 [INFO] Подключено НАСТОЯЩЕЕ ядро (core/dns_server)
2026-09-17 15:45:33,108 [INFO] Подключено НАСТОЯЩЕЕ ядро (core/dns_server)
2026-09-17 15:45:33,561 [INFO] DnsProcessTracker остановлен
2026-09-17 15:45:33,561 [INFO] DNS-серверы и DPI-движок остановлены
2026-09-17 15:45:36,840 [INFO] Подключено НАСТОЯЩЕЕ ядро (core/dns_server)
2026-09-17 15:45:38,098 [INFO] DnsProcessTracker остановлен
2026-09-17 15:45:38,099 [INFO] DNS-серверы и DPI-движок остановлены
2026-09-17 15:45:42,811 [INFO] Подключено НАСТОЯЩЕЕ ядро (core/dns_server)
2026-09-17 15:45:43,474 [INFO] DnsProcessTracker остановлен
2026-09-17 15:45:43,474 [INFO] DNS-серверы и DPI-движок остановлены
2026-09-17 15:45:59,076 [INFO] Подключено НАСТОЯЩЕЕ ядро (core/dns_server)
2026-09-17 15:45:59,594 [INFO] DnsProcessTracker остановлен
2026-09-17 15:45:59,594 [INFO] DNS-серверы и DPI-движок остановлены
2026-09-17 15:46:08,778 [INFO] Подключено НАСТОЯЩЕЕ ядро (core/dns_server)
2026-09-17 15:46:09,430 [INFO] DnsProcessTracker остановлен
2026-09-17 15:46:09,430 [INFO] DNS-серверы и DPI-движок остановлены
2026-09-17 15:46:20,577 [INFO] Подключено НАСТОЯЩЕЕ ядро (core/dns_server)
2026-09-17 15:46:21,066 [INFO] DnsProcessTracker остановлен
2026-09-17 15:46:21,066 [INFO] DNS-серверы и DPI-движок остановлены
2026-09-17 16:20:04,913 [INFO] Подключено НАСТОЯЩЕЕ ядро (core/dns_server)
2026-09-17 16:20:05,463 [INFO] DnsProcessTracker остановлен
2026-09-17 16:20:05,463 [INFO] DNS-серверы и DPI-движок остановлены
2026-09-17 16:20:10,810 [INFO] Подключено НАСТОЯЩЕЕ ядро (core/dns_server)
2026-09-17 16:20:11,913 [INFO] DnsProcessTracker остановлен
2026-09-17 16:20:11,913 [INFO] DNS-серверы и DPI-движок остановлены
2026-09-17 16:20:15,586 [INFO] Подключено НАСТОЯЩЕЕ ядро (core/dns_server)
2026-09-17 16:20:16,600 [INFO] DnsProcessTracker остановлен
2026-09-17 16:20:16,600 [INFO] DNS-серверы и DPI-движок остановлены
2026-09-17 17:11:31,716 [INFO] Подключено НАСТОЯЩЕЕ ядро (core/dns_server)
2026-09-17 17:11:31,732 [WARNING] Текущий DNS получить не удалось: PowerShell недоступен: это не Windows
2026-09-17 17:11:31,733 [WARNING] Стратегия 'uz1' требует hostlist, но список целей пуст
2026-09-17 17:11:41,539 [INFO] Подключено НАСТОЯЩЕЕ ядро (core/dns_server)
2026-09-17 17:11:41,703 [WARNING] Текущий DNS получить не удалось: PowerShell недоступен: это не Windows
2026-09-17 17:11:41,958 [WARNING] Текущий DNS получить не удалось: PowerShell недоступен: это не Windows
2026-09-17 17:11:41,971 [INFO] DnsProcessTracker остановлен
2026-09-17 17:11:41,971 [INFO] DNS-серверы и DPI-движок остановлены
2026-09-17 17:13:11,494 [INFO] Подключено НАСТОЯЩЕЕ ядро (core/dns_server)
2026-09-17 17:13:11,694 [WARNING] Текущий DNS получить не удалось: PowerShell недоступен: это не Windows
2026-09-17 17:13:11,888 [WARNING] Текущий DNS получить не удалось: PowerShell недоступен: это не Windows
2026-09-17 17:13:11,904 [INFO] DnsProcessTracker остановлен
2026-09-17 17:13:11,905 [INFO] DNS-серверы и DPI-движок остановлены
2026-09-17 17:13:15,519 [INFO] Подключено НАСТОЯЩЕЕ ядро (core/dns_server)
2026-09-17 17:13:15,705 [WARNING] Текущий DNS получить не удалось: PowerShell недоступен: это не Windows
2026-09-17 17:13:15,958 [WARNING] Текущий DNS получить не удалось: PowerShell недоступен: это не Windows
2026-09-17 17:13:15,974 [INFO] DnsProcessTracker остановлен
2026-09-17 17:13:15,974 [INFO] DNS-серверы и DPI-движок остановлены
2026-09-17 17:19:24,294 [INFO] Подключено НАСТОЯЩЕЕ ядро (core/dns_server)
2026-09-17 17:19:24,358 [INFO] PowerShell недоступен (запуск заблокирован (антивирус или политика)) — работаем через системные утилиты
2026-09-17 17:19:24,442 [INFO] Текущий DNS прочитан через netsh (PowerShell недоступен или пуст)
2026-09-17 17:19:24,444 [WARNING] Стратегия 'uz1' требует hostlist, но список целей пуст
2026-09-17 17:19:24,675 [WARNING] Стратегия 'uz1' требует hostlist, но список целей пуст
2026-09-17 17:19:24,689 [WARNING] Стратегия 'uz1' требует hostlist, но список целей пуст
2026-09-17 17:19:25,429 [INFO] DnsProcessTracker остановлен
2026-09-17 17:19:25,429 [INFO] DNS-серверы и DPI-движок остановлены
2026-09-17 17:19:49,770 [INFO] Подключено НАСТОЯЩЕЕ ядро (core/dns_server)
2026-09-17 17:19:49,829 [INFO] PowerShell недоступен (запуск заблокирован (антивирус или политика)) — работаем через системные утилиты
2026-09-17 17:19:49,930 [INFO] Текущий DNS прочитан через netsh (PowerShell недоступен или пуст)
2026-09-17 17:19:49,932 [WARNING] Стратегия 'uz1' требует hostlist, но список целей пуст
2026-09-17 17:19:50,157 [WARNING] Стратегия 'uz1' требует hostlist, но список целей пуст
2026-09-17 17:19:50,170 [WARNING] Стратегия 'uz1' требует hostlist, но список целей пуст
2026-09-17 17:19:50,844 [INFO] DnsProcessTracker остановлен
2026-09-17 17:19:50,845 [INFO] DNS-серверы и DPI-движок остановлены
2026-09-17 17:28:37,730 [INFO] Подключено НАСТОЯЩЕЕ ядро (core/dns_server)
2026-09-17 17:28:37,803 [INFO] PowerShell недоступен (запуск заблокирован (антивирус или политика)) — работаем через системные утилиты
2026-09-17 17:28:37,888 [INFO] Текущий DNS прочитан через netsh (PowerShell недоступен или пуст)
2026-09-17 17:28:37,900 [WARNING] Стратегия 'uz1' требует hostlist, но список целей пуст
2026-09-17 17:28:38,121 [WARNING] Стратегия 'uz1' требует hostlist, но список целей пуст
2026-09-17 17:28:38,134 [WARNING] Стратегия 'uz1' требует hostlist, но список целей пуст
2026-09-17 17:28:38,840 [INFO] DnsProcessTracker остановлен
2026-09-17 17:28:38,840 [INFO] DNS-серверы и DPI-движок остановлены
2026-09-17 18:11:06,080 [INFO] Подключено НАСТОЯЩЕЕ ядро (core/dns_server)
2026-09-17 18:11:06,349 [WARNING] Текущий DNS получить не удалось: PowerShell недоступен: это не Windows
2026-09-17 18:11:06,350 [WARNING] Стратегия 'uz1' требует hostlist, но список целей пуст
2026-09-17 18:11:06,810 [INFO] DnsProcessTracker остановлен
2026-09-17 18:11:06,811 [INFO] DNS-серверы и DPI-движок остановлены
2026-09-17 18:11:26,230 [INFO] Подключено НАСТОЯЩЕЕ ядро (core/dns_server)
2026-09-17 18:11:26,443 [WARNING] Текущий DNS получить не удалось: PowerShell недоступен: это не Windows
2026-09-17 18:11:26,461 [WARNING] Стратегия 'uz1' требует hostlist, но список целей пуст
2026-09-17 18:11:26,804 [INFO] DnsProcessTracker остановлен
2026-09-17 18:11:26,805 [INFO] DNS-серверы и DPI-движок остановлены
2026-09-17 18:11:38,347 [INFO] Подключено НАСТОЯЩЕЕ ядро (core/dns_server)
2026-09-17 18:11:38,528 [WARNING] Текущий DNS получить не удалось: PowerShell недоступен: это не Windows
2026-09-17 18:11:38,529 [WARNING] Стратегия 'uz1' требует hostlist, но список целей пуст
2026-09-17 18:11:38,788 [INFO] DnsProcessTracker остановлен
2026-09-17 18:11:38,788 [INFO] DNS-серверы и DPI-движок остановлены
2026-09-17 18:11:43,545 [INFO] Подключено НАСТОЯЩЕЕ ядро (core/dns_server)
2026-09-17 18:11:43,779 [WARNING] Текущий DNS получить не удалось: PowerShell недоступен: это не Windows
2026-09-17 18:11:43,786 [WARNING] Стратегия 'uz1' требует hostlist, но список целей пуст
2026-09-17 18:11:44,017 [INFO] DnsProcessTracker остановлен
2026-09-17 18:11:44,017 [INFO] DNS-серверы и DPI-движок остановлены
2026-09-17 18:12:23,493 [INFO] Подключено НАСТОЯЩЕЕ ядро (core/dns_server)
2026-09-17 18:12:23,650 [WARNING] Текущий DNS получить не удалось: PowerShell недоступен: это не Windows
2026-09-17 18:12:23,652 [WARNING] Стратегия 'uz1' требует hostlist, но список целей пуст
2026-09-17 18:12:24,052 [INFO] DnsProcessTracker остановлен
2026-09-17 18:12:24,052 [INFO] DNS-серверы и DPI-движок остановлены
2026-09-17 18:12:26,342 [INFO] Подключено НАСТОЯЩЕЕ ядро (core/dns_server)
2026-09-17 18:12:26,508 [WARNING] Текущий DNS получить не удалось: PowerShell недоступен: это не Windows
2026-09-17 18:12:26,508 [WARNING] Стратегия 'uz1' требует hostlist, но список целей пуст
2026-09-17 18:12:26,691 [INFO] DnsProcessTracker остановлен
2026-09-17 18:12:26,692 [INFO] DNS-серверы и DPI-движок остановлены
2026-09-17 18:12:30,440 [INFO] Подключено НАСТОЯЩЕЕ ядро (core/dns_server)
2026-09-17 18:12:30,596 [WARNING] Текущий DNS получить не удалось: PowerShell недоступен: это не Windows
2026-09-17 18:12:30,599 [WARNING] Стратегия 'uz1' требует hostlist, но список целей пуст
2026-09-17 18:12:30,823 [INFO] DnsProcessTracker остановлен
2026-09-17 18:12:30,823 [INFO] DNS-серверы и DPI-движок остановлены
2026-09-17 18:12:40,565 [INFO] Подключено НАСТОЯЩЕЕ ядро (core/dns_server)
2026-09-17 18:12:40,718 [WARNING] Текущий DNS получить не удалось: PowerShell недоступен: это не Windows
2026-09-17 18:12:40,721 [WARNING] Стратегия 'uz1' требует hostlist, но список целей пуст
2026-09-17 18:12:41,129 [INFO] DnsProcessTracker остановлен
2026-09-17 18:12:41,129 [INFO] DNS-серверы и DPI-движок остановлены
2026-09-17 18:12:51,838 [INFO] Подключено НАСТОЯЩЕЕ ядро (core/dns_server)
2026-09-17 18:12:51,992 [WARNING] Текущий DNS получить не удалось: PowerShell недоступен: это не Windows
2026-09-17 18:12:51,994 [WARNING] Стратегия 'uz1' требует hostlist, но список целей пуст
2026-09-17 18:12:52,220 [INFO] DnsProcessTracker остановлен
2026-09-17 18:12:52,220 [INFO] DNS-серверы и DPI-движок остановлены
2026-09-17 18:12:58,855 [INFO] Подключено НАСТОЯЩЕЕ ядро (core/dns_server)
2026-09-17 18:12:59,004 [WARNING] Текущий DNS получить не удалось: PowerShell недоступен: это не Windows
2026-09-17 18:12:59,006 [WARNING] Стратегия 'uz1' требует hostlist, но список целей пуст
2026-09-17 18:12:59,318 [INFO] DnsProcessTracker остановлен
2026-09-17 18:12:59,318 [INFO] DNS-серверы и DPI-движок остановлены
2026-09-17 18:13:07,086 [INFO] Подключено НАСТОЯЩЕЕ ядро (core/dns_server)
2026-09-17 18:13:07,241 [WARNING] Текущий DNS получить не удалось: PowerShell недоступен: это не Windows
2026-09-17 18:13:07,242 [WARNING] Стратегия 'uz1' требует hostlist, но список целей пуст
2026-09-17 18:13:07,859 [INFO] DnsProcessTracker остановлен
2026-09-17 18:13:07,859 [INFO] DNS-серверы и DPI-движок остановлены
2026-09-17 18:13:51,350 [INFO] Подключено НАСТОЯЩЕЕ ядро (core/dns_server)
2026-09-17 18:13:51,466 [WARNING] Текущий DNS получить не удалось: PowerShell недоступен: это не Windows
2026-09-17 18:13:51,467 [WARNING] Стратегия 'uz1' требует hostlist, но список целей пуст
2026-09-17 18:13:54,365 [INFO] Подключено НАСТОЯЩЕЕ ядро (core/dns_server)
2026-09-17 18:13:54,488 [WARNING] Текущий DNS получить не удалось: PowerShell недоступен: это не Windows
2026-09-17 18:13:54,499 [WARNING] Стратегия 'uz1' требует hostlist, но список целей пуст
2026-09-17 18:13:54,791 [INFO] DnsProcessTracker остановлен
2026-09-17 18:13:54,791 [INFO] DNS-серверы и DPI-движок остановлены
2026-09-17 18:13:59,582 [INFO] Подключено НАСТОЯЩЕЕ ядро (core/dns_server)
2026-09-17 18:13:59,726 [WARNING] Текущий DNS получить не удалось: PowerShell недоступен: это не Windows
2026-09-17 18:13:59,729 [WARNING] Стратегия 'uz1' требует hostlist, но список целей пуст
2026-09-17 18:13:59,924 [INFO] DnsProcessTracker остановлен
2026-09-17 18:13:59,924 [INFO] DNS-серверы и DPI-движок остановлены
2026-09-17 18:14:07,883 [INFO] Подключено НАСТОЯЩЕЕ ядро (core/dns_server)
2026-09-17 18:14:08,020 [WARNING] Текущий DNS получить не удалось: PowerShell недоступен: это не Windows
2026-09-17 18:14:08,030 [WARNING] Стратегия 'uz1' требует hostlist, но список целей пуст
2026-09-17 18:14:08,332 [INFO] DnsProcessTracker остановлен
2026-09-17 18:14:08,332 [INFO] DNS-серверы и DPI-движок остановлены
2026-09-17 18:14:17,396 [INFO] Подключено НАСТОЯЩЕЕ ядро (core/dns_server)
2026-09-17 18:14:17,566 [WARNING] Текущий DNS получить не удалось: PowerShell недоступен: это не Windows
2026-09-17 18:14:17,578 [WARNING] Стратегия 'uz1' требует hostlist, но список целей пуст
2026-09-17 18:14:17,875 [INFO] DnsProcessTracker остановлен
2026-09-17 18:14:17,875 [INFO] DNS-серверы и DPI-движок остановлены
2026-09-17 18:14:30,933 [INFO] Подключено НАСТОЯЩЕЕ ядро (core/dns_server)
2026-09-17 18:14:31,090 [WARNING] Текущий DNS получить не удалось: PowerShell недоступен: это не Windows
2026-09-17 18:14:31,095 [WARNING] Стратегия 'uz1' требует hostlist, но список целей пуст
2026-09-17 18:14:31,417 [INFO] DnsProcessTracker остановлен
2026-09-17 18:14:31,417 [INFO] DNS-серверы и DPI-движок остановлены
2026-09-17 18:14:35,054 [INFO] Подключено НАСТОЯЩЕЕ ядро (core/dns_server)
2026-09-17 18:14:35,217 [WARNING] Текущий DNS получить не удалось: PowerShell недоступен: это не Windows
2026-09-17 18:14:35,222 [WARNING] Стратегия 'uz1' требует hostlist, но список целей пуст
2026-09-17 18:14:35,846 [INFO] DnsProcessTracker остановлен
2026-09-17 18:14:35,846 [INFO] DNS-серверы и DPI-движок остановлены
2026-09-17 18:14:44,804 [INFO] Подключено НАСТОЯЩЕЕ ядро (core/dns_server)
2026-09-17 18:14:44,957 [WARNING] Текущий DNS получить не удалось: PowerShell недоступен: это не Windows
2026-09-17 18:14:44,962 [WARNING] Стратегия 'uz1' требует hostlist, но список целей пуст
2026-09-17 18:14:45,581 [INFO] DnsProcessTracker остановлен
2026-09-17 18:14:45,581 [INFO] DNS-серверы и DPI-движок остановлены
2026-09-17 18:16:27,880 [INFO] Подключено НАСТОЯЩЕЕ ядро (core/dns_server)
2026-09-17 18:16:28,055 [WARNING] Текущий DNS получить не удалось: PowerShell недоступен: это не Windows
2026-09-17 18:16:28,057 [WARNING] Стратегия 'uz1' требует hostlist, но список целей пуст
2026-09-17 18:16:28,365 [INFO] DnsProcessTracker остановлен
2026-09-17 18:16:28,365 [INFO] DNS-серверы и DPI-движок остановлены
2026-09-17 18:16:38,816 [INFO] Подключено НАСТОЯЩЕЕ ядро (core/dns_server)
2026-09-17 18:16:38,954 [WARNING] Текущий DNS получить не удалось: PowerShell недоступен: это не Windows
2026-09-17 18:16:38,955 [WARNING] Стратегия 'uz1' требует hostlist, но список целей пуст
2026-09-17 18:16:39,199 [INFO] DnsProcessTracker остановлен
2026-09-17 18:16:39,199 [INFO] DNS-серверы и DPI-движок остановлены
2026-09-17 18:16:54,924 [INFO] Подключено НАСТОЯЩЕЕ ядро (core/dns_server)
2026-09-17 18:16:55,062 [WARNING] Текущий DNS получить не удалось: PowerShell недоступен: это не Windows
2026-09-17 18:16:55,067 [WARNING] Стратегия 'uz1' требует hostlist, но список целей пуст
2026-09-17 18:16:55,306 [INFO] DnsProcessTracker остановлен
2026-09-17 18:16:55,306 [INFO] DNS-серверы и DPI-движок остановлены
2026-09-17 18:17:08,850 [INFO] Подключено НАСТОЯЩЕЕ ядро (core/dns_server)
2026-09-17 18:17:08,991 [WARNING] Текущий DNS получить не удалось: PowerShell недоступен: это не Windows
2026-09-17 18:17:08,993 [WARNING] Стратегия 'uz1' требует hostlist, но список целей пуст
2026-09-17 18:17:09,223 [INFO] DnsProcessTracker остановлен
2026-09-17 18:17:09,223 [INFO] DNS-серверы и DPI-движок остановлены
2026-09-17 18:19:36,943 [INFO] Подключено НАСТОЯЩЕЕ ядро (core/dns_server)
2026-09-17 18:19:37,098 [WARNING] Текущий DNS получить не удалось: PowerShell недоступен: это не Windows
2026-09-17 18:19:37,099 [WARNING] Стратегия 'uz1' требует hostlist, но список целей пуст
2026-09-17 18:19:37,770 [INFO] DnsProcessTracker остановлен
2026-09-17 18:19:37,770 [INFO] DNS-серверы и DPI-движок остановлены
2026-09-17 18:22:50,003 [INFO] Подключено НАСТОЯЩЕЕ ядро (core/dns_server)
2026-09-17 18:22:50,137 [WARNING] Текущий DNS получить не удалось: PowerShell недоступен: это не Windows
2026-09-17 18:22:50,148 [WARNING] Стратегия 'uz1' требует hostlist, но список целей пуст
2026-09-17 18:22:50,425 [INFO] DnsProcessTracker остановлен
2026-09-17 18:22:50,426 [INFO] DNS-серверы и DPI-движок остановлены
2026-09-17 18:22:50,774 [INFO] Подключено НАСТОЯЩЕЕ ядро (core/dns_server)
2026-09-17 18:22:50,913 [WARNING] Текущий DNS получить не удалось: PowerShell недоступен: это не Windows
2026-09-17 18:22:50,914 [WARNING] Стратегия 'uz1' требует hostlist, но список целей пуст
2026-09-17 18:22:51,178 [INFO] DnsProcessTracker остановлен
2026-09-17 18:22:51,178 [INFO] DNS-серверы и DPI-движок остановлены
2026-09-17 18:23:07,058 [INFO] Подключено НАСТОЯЩЕЕ ядро (core/dns_server)
2026-09-17 18:23:07,207 [WARNING] Текущий DNS получить не удалось: PowerShell недоступен: это не Windows
2026-09-17 18:23:07,208 [WARNING] Стратегия 'uz1' требует hostlist, но список целей пуст
2026-09-17 18:23:07,464 [INFO] DnsProcessTracker остановлен
2026-09-17 18:23:07,464 [INFO] DNS-серверы и DPI-движок остановлены
2026-09-17 18:23:15,394 [INFO] Подключено НАСТОЯЩЕЕ ядро (core/dns_server)
2026-09-17 18:23:15,534 [WARNING] Текущий DNS получить не удалось: PowerShell недоступен: это не Windows
2026-09-17 18:23:15,536 [WARNING] Стратегия 'uz1' требует hostlist, но список целей пуст
2026-09-17 18:23:15,725 [INFO] DnsProcessTracker остановлен
2026-09-17 18:23:15,725 [INFO] DNS-серверы и DPI-движок остановлены
2026-09-17 18:23:23,146 [INFO] Подключено НАСТОЯЩЕЕ ядро (core/dns_server)
2026-09-17 18:23:23,314 [WARNING] Текущий DNS получить не удалось: PowerShell недоступен: это не Windows
2026-09-17 18:23:23,320 [WARNING] Стратегия 'uz1' требует hostlist, но список целей пуст
2026-09-17 18:23:23,605 [INFO] DnsProcessTracker остановлен
2026-09-17 18:23:23,605 [INFO] DNS-серверы и DPI-движок остановлены
2026-09-17 18:23:42,662 [INFO] Подключено НАСТОЯЩЕЕ ядро (core/dns_server)
2026-09-17 18:23:42,815 [WARNING] Текущий DNS получить не удалось: PowerShell недоступен: это не Windows
2026-09-17 18:23:42,826 [WARNING] Стратегия 'uz1' требует hostlist, но список целей пуст
2026-09-17 18:23:43,093 [INFO] DnsProcessTracker остановлен
2026-09-17 18:23:43,093 [INFO] DNS-серверы и DPI-движок остановлены
2026-09-17 18:23:51,798 [INFO] Подключено НАСТОЯЩЕЕ ядро (core/dns_server)
2026-09-17 18:23:51,942 [WARNING] Текущий DNS получить не удалось: PowerShell недоступен: это не Windows
2026-09-17 18:23:51,953 [WARNING] Стратегия 'uz1' требует hostlist, но список целей пуст
2026-09-17 18:23:52,227 [INFO] DnsProcessTracker остановлен
2026-09-17 18:23:52,227 [INFO] DNS-серверы и DPI-движок остановлены
2026-09-17 18:23:57,212 [INFO] Подключено НАСТОЯЩЕЕ ядро (core/dns_server)
2026-09-17 18:23:57,392 [WARNING] Текущий DNS получить не удалось: PowerShell недоступен: это не Windows
2026-09-17 18:23:57,393 [WARNING] Стратегия 'uz1' требует hostlist, но список целей пуст
2026-09-17 18:23:57,607 [INFO] DnsProcessTracker остановлен
2026-09-17 18:23:57,607 [INFO] DNS-серверы и DPI-движок остановлены
2026-09-17 18:24:03,651 [INFO] Подключено НАСТОЯЩЕЕ ядро (core/dns_server)
2026-09-17 18:24:03,843 [WARNING] Текущий DNS получить не удалось: PowerShell недоступен: это не Windows
2026-09-17 18:24:03,844 [WARNING] Стратегия 'uz1' требует hostlist, но список целей пуст
2026-09-17 18:24:04,084 [INFO] DnsProcessTracker остановлен
2026-09-17 18:24:04,084 [INFO] DNS-серверы и DPI-движок остановлены
2026-09-17 18:24:16,144 [INFO] Подключено НАСТОЯЩЕЕ ядро (core/dns_server)
2026-09-17 18:24:16,317 [WARNING] Текущий DNS получить не удалось: PowerShell недоступен: это не Windows
2026-09-17 18:24:16,322 [WARNING] Стратегия 'uz1' требует hostlist, но список целей пуст
2026-09-17 18:24:16,592 [INFO] DnsProcessTracker остановлен
2026-09-17 18:24:16,592 [INFO] DNS-серверы и DPI-движок остановлены
2026-09-17 18:24:22,381 [INFO] Подключено НАСТОЯЩЕЕ ядро (core/dns_server)
2026-09-17 18:24:22,544 [WARNING] Текущий DNS получить не удалось: PowerShell недоступен: это не Windows
2026-09-17 18:24:22,547 [WARNING] Стратегия 'uz1' требует hostlist, но список целей пуст
2026-09-17 18:24:22,865 [INFO] DnsProcessTracker остановлен
2026-09-17 18:24:22,865 [INFO] DNS-серверы и DPI-движок остановлены
2026-09-17 18:24:23,263 [INFO] Подключено НАСТОЯЩЕЕ ядро (core/dns_server)
2026-09-17 18:24:23,410 [WARNING] Текущий DNS получить не удалось: PowerShell недоступен: это не Windows
2026-09-17 18:24:23,419 [WARNING] Стратегия 'uz1' требует hostlist, но список целей пуст
2026-09-17 18:24:23,792 [INFO] DnsProcessTracker остановлен
2026-09-17 18:24:23,792 [INFO] DNS-серверы и DPI-движок остановлены
2026-09-17 18:27:14,970 [INFO] Подключено НАСТОЯЩЕЕ ядро (core/dns_server)
2026-09-17 18:27:15,132 [WARNING] Текущий DNS получить не удалось: PowerShell недоступен: это не Windows
2026-09-17 18:27:15,142 [WARNING] Стратегия 'uz1' требует hostlist, но список целей пуст
2026-09-17 18:27:15,474 [INFO] DnsProcessTracker остановлен
2026-09-17 18:27:15,474 [INFO] DNS-серверы и DPI-движок остановлены
2026-09-17 18:27:48,840 [INFO] Подключено НАСТОЯЩЕЕ ядро (core/dns_server)
2026-09-17 18:27:48,976 [WARNING] Текущий DNS получить не удалось: PowerShell недоступен: это не Windows
2026-09-17 18:27:48,977 [WARNING] Стратегия 'uz1' требует hostlist, но список целей пуст
2026-09-17 18:27:49,227 [INFO] DnsProcessTracker остановлен
2026-09-17 18:27:49,227 [INFO] DNS-серверы и DPI-движок остановлены
2026-09-17 18:30:35,869 [INFO] Подключено НАСТОЯЩЕЕ ядро (core/dns_server)
2026-09-17 18:30:36,036 [WARNING] Текущий DNS получить не удалось: PowerShell недоступен: это не Windows
2026-09-17 18:30:36,042 [WARNING] Стратегия 'uz1' требует hostlist, но список целей пуст
2026-09-17 18:30:36,281 [INFO] DnsProcessTracker остановлен
2026-09-17 18:30:36,281 [INFO] DNS-серверы и DPI-движок остановлены
2026-09-17 18:30:48,012 [INFO] Подключено НАСТОЯЩЕЕ ядро (core/dns_server)
2026-09-17 18:30:48,148 [WARNING] Текущий DNS получить не удалось: PowerShell недоступен: это не Windows
2026-09-17 18:30:48,152 [WARNING] Стратегия 'uz1' требует hostlist, но список целей пуст
2026-09-17 18:30:48,451 [INFO] DnsProcessTracker остановлен
2026-09-17 18:30:48,451 [INFO] DNS-серверы и DPI-движок остановлены
2026-09-17 18:35:45,427 [INFO] Подключено НАСТОЯЩЕЕ ядро (core/dns_server)
2026-09-17 18:35:45,561 [WARNING] Текущий DNS получить не удалось: PowerShell недоступен: это не Windows
2026-09-17 18:35:45,572 [WARNING] Стратегия 'uz1' требует hostlist, но список целей пуст
2026-09-17 18:35:46,002 [INFO] DnsProcessTracker остановлен
2026-09-17 18:35:46,002 [INFO] DNS-серверы и DPI-движок остановлены
2026-09-17 18:35:52,502 [INFO] Подключено НАСТОЯЩЕЕ ядро (core/dns_server)
2026-09-17 18:35:52,654 [WARNING] Текущий DNS получить не удалось: PowerShell недоступен: это не Windows
2026-09-17 18:35:52,656 [WARNING] Стратегия 'uz1' требует hostlist, но список целей пуст
2026-09-17 18:35:53,072 [INFO] DnsProcessTracker остановлен
2026-09-17 18:35:53,072 [INFO] DNS-серверы и DPI-движок остановлены
2026-09-17 18:36:15,064 [INFO] Подключено НАСТОЯЩЕЕ ядро (core/dns_server)
2026-09-17 18:36:15,218 [WARNING] Текущий DNS получить не удалось: PowerShell недоступен: это не Windows
2026-09-17 18:36:15,223 [WARNING] Стратегия 'uz1' требует hostlist, но список целей пуст
2026-09-17 18:36:15,622 [INFO] DnsProcessTracker остановлен
2026-09-17 18:36:15,622 [INFO] DNS-серверы и DPI-движок остановлены
